// Jest Snapshot v1, https://goo.gl/fbAQLP

exports[`Displays the sign in page according to snapshot 1`] = `
<div>
  <div
    class="container MuiBox-root css-0"
  >
    <div
      class="side MuiBox-root css-0"
    >
      <span
        style="box-sizing: border-box; display: inline-block; overflow: hidden; background: none; opacity: 1; border: 0px; margin: 0px; padding: 0px; position: relative; max-width: 100%;"
      >
        <span
          style="box-sizing: border-box; display: block; background: none; opacity: 1; border: 0px; margin: 0px; padding: 0px; max-width: 100%;"
        >
          <img
            alt=""
            aria-hidden="true"
            src="data:image/svg+xml,%3csvg%20xmlns=%27http://www.w3.org/2000/svg%27%20version=%271.1%27%20width=%2724%27%20height=%2724%27/%3e"
            style="display: block; max-width: 100%; background: none; opacity: 1; border: 0px; margin: 0px; padding: 0px;"
          />
        </span>
        <img
          data-nimg="intrinsic"
          decoding="async"
          src="data:image/gif;base64,R0lGODlhAQABAIAAAAAAAP///yH5BAEAAAAALAAAAAABAAEAAAIBRAA7"
          style="position: absolute; top: 0px; left: 0px; bottom: 0px; right: 0px; box-sizing: border-box; padding: 0px; margin: auto; display: block; width: 0px; height: 0px; min-width: 100%; max-width: 100%; min-height: 100%; max-height: 100%;"
        />
        <noscript />
      </span>
    </div>
    <hr
      class="MuiDivider-root MuiDivider-middle MuiDivider-vertical MuiDivider-flexItem css-16bghm4-MuiDivider-root"
    />
    <div
      class="side MuiBox-root css-0"
    >
      <div
        class="loginForm MuiBox-root css-0"
      >
        <h4
          class="MuiTypography-root MuiTypography-h4 css-5lbw0b-MuiTypography-root"
        >
          <span
            style="color: rgb(25, 118, 210);"
          >
            Poly
          </span>
          Code
        </h4>
        <div
          class="css-1p5q5e5-MuiStack-root"
        >
          <div
            class="MuiFormControl-root MuiTextField-root css-1u3bzj6-MuiFormControl-root-MuiTextField-root"
          >
            <label
              class="MuiInputLabel-root MuiInputLabel-formControl MuiInputLabel-animated MuiInputLabel-standard MuiFormLabel-root MuiFormLabel-colorPrimary css-aqpgxn-MuiFormLabel-root-MuiInputLabel-root"
              data-shrink="false"
              for=":r0:"
              id=":r0:-label"
            >
              email
            </label>
            <div
              class="MuiInput-root MuiInput-underline MuiInputBase-root MuiInputBase-colorPrimary MuiInputBase-formControl css-1ptx2yq-MuiInputBase-root-MuiInput-root"
            >
              <input
                aria-invalid="false"
                class="MuiInput-input MuiInputBase-input css-1x51dt5-MuiInputBase-input-MuiInput-input"
                id=":r0:"
                type="email"
                value=""
              />
            </div>
          </div>
          <div
            class="MuiFormControl-root MuiTextField-root css-1u3bzj6-MuiFormControl-root-MuiTextField-root"
          >
            <label
              class="MuiInputLabel-root MuiInputLabel-formControl MuiInputLabel-animated MuiInputLabel-standard MuiFormLabel-root MuiFormLabel-colorPrimary css-aqpgxn-MuiFormLabel-root-MuiInputLabel-root"
              data-shrink="false"
              for=":r1:"
              id=":r1:-label"
            >
              password
            </label>
            <div
              class="MuiInput-root MuiInput-underline MuiInputBase-root MuiInputBase-colorPrimary MuiInputBase-formControl css-1ptx2yq-MuiInputBase-root-MuiInput-root"
            >
              <input
                aria-invalid="false"
                class="MuiInput-input MuiInputBase-input css-1x51dt5-MuiInputBase-input-MuiInput-input"
                id=":r1:"
                type="password"
                value=""
              />
            </div>
          </div>
        </div>
        <button
          class="MuiLoadingButton-root MuiButton-root MuiButton-contained MuiButton-containedPrimary MuiButton-sizeMedium MuiButton-containedSizeMedium MuiButtonBase-root loginButton css-1twrztz-MuiButtonBase-root-MuiButton-root-MuiLoadingButton-root"
          id=":r2:"
          tabindex="0"
          type="button"
        >
          Sign in
          <span
            class="MuiTouchRipple-root css-8je8zh-MuiTouchRipple-root"
          />
        </button>
        <p
          class="MuiTypography-root MuiTypography-body1 css-ahj2mt-MuiTypography-root"
        >
          Donâ€™t have an account?
           
          <a
            class="MuiTypography-root MuiTypography-inherit MuiLink-root MuiLink-underlineAlways css-1ps4owl-MuiTypography-root-MuiLink-root"
            href="/sign-up"
          >
            sign up
          </a>
        </p>
      </div>
    </div>
  </div>
</div>
`;
